rate 0.03 epoch    0 cpu 1.217596946693e-01  ulp-perturbed rel 0.00e+00  gpu rel 2.28e-16
rate 0.03 epoch   50 cpu 1.202868159109e-01  ulp-perturbed rel 0.00e+00  gpu rel 2.31e-16
rate 0.03 epoch  100 cpu 1.196728422545e-01  ulp-perturbed rel 0.00e+00  gpu rel 2.32e-16
rate 0.03 epoch  150 cpu 1.178582674700e-01  ulp-perturbed rel 0.00e+00  gpu rel 2.35e-16
rate 0.03 epoch  200 cpu 9.980601642057e-02  ulp-perturbed rel 2.78e-16  gpu rel 5.56e-16
rate 0.03 epoch  250 cpu 1.165231190881e-01  ulp-perturbed rel 5.21e-01  gpu rel 8.11e-01
rate 0.03 epoch  300 cpu 7.546755797717e-01  ulp-perturbed rel 9.66e-01  gpu rel 9.32e-01
rate 0.03 epoch  350 cpu 2.984631794726e-02  ulp-perturbed rel 1.68e-01  gpu rel 3.44e-02
rate 0.03 epoch  400 cpu 2.381124766139e-02  ulp-perturbed rel 1.56e-01  gpu rel 4.51e-03
rate 0.03 epoch  450 cpu 1.848720055527e-02  ulp-perturbed rel 1.40e-01  gpu rel 1.50e-02
rate 0.03 epoch  500 cpu 1.619834802570e-02  ulp-perturbed rel 4.29e-02  gpu rel 2.37e-02
rate 0.03 epoch  550 cpu 1.421243788048e-02  ulp-perturbed rel 8.15e-02  gpu rel 2.51e-02
rate 0.03 epoch  600 cpu 1.234338131615e-02  ulp-perturbed rel 8.02e-02  gpu rel 4.50e-02
rate 0.03 epoch  650 cpu 1.064654819795e-02  ulp-perturbed rel 7.76e-02  gpu rel 7.01e-02
rate 0.03 epoch  700 cpu 9.171507366202e-03  ulp-perturbed rel 6.88e-02  gpu rel 9.23e-02
rate 0.03 epoch  750 cpu 7.934651721212e-03  ulp-perturbed rel 5.19e-02  gpu rel 1.08e-01
rate 0.03 epoch  800 cpu 6.925611105668e-03  ulp-perturbed rel 2.88e-02  gpu rel 1.18e-01
rate 0.03 epoch  850 cpu 6.117750119680e-03  ulp-perturbed rel 3.08e-03  gpu rel 1.25e-01
rate 0.03 epoch  900 cpu 5.477651217997e-03  ulp-perturbed rel 2.13e-02  gpu rel 1.32e-01
rate 0.03 epoch  950 cpu 4.971083013017e-03  ulp-perturbed rel 4.16e-02  gpu rel 1.40e-01
rate 0.03 epoch 1000 cpu 4.566597256889e-03  ulp-perturbed rel 5.68e-02  gpu rel 1.51e-01
rate 0.01 epoch    0 cpu 1.217596946693e-01  ulp-perturbed rel 0.00e+00  gpu rel 2.28e-16
rate 0.01 epoch   50 cpu 1.205695285779e-01  ulp-perturbed rel 0.00e+00  gpu rel 1.15e-16
rate 0.01 epoch  100 cpu 1.204298139177e-01  ulp-perturbed rel 0.00e+00  gpu rel 1.15e-16
rate 0.01 epoch  150 cpu 1.202854071111e-01  ulp-perturbed rel 0.00e+00  gpu rel 3.46e-16
rate 0.01 epoch  200 cpu 1.201227977963e-01  ulp-perturbed rel 0.00e+00  gpu rel 1.16e-16
rate 0.01 epoch  250 cpu 1.199245282491e-01  ulp-perturbed rel 0.00e+00  gpu rel 3.47e-16
rate 0.01 epoch  300 cpu 1.196642776205e-01  ulp-perturbed rel 0.00e+00  gpu rel 4.64e-16
rate 0.01 epoch  350 cpu 1.192971642948e-01  ulp-perturbed rel 0.00e+00  gpu rel 2.33e-16
rate 0.01 epoch  400 cpu 1.187374852519e-01  ulp-perturbed rel 2.34e-16  gpu rel 3.51e-16
rate 0.01 epoch  450 cpu 1.177995049196e-01  ulp-perturbed rel 0.00e+00  gpu rel 2.36e-16
rate 0.01 epoch  500 cpu 1.160080404509e-01  ulp-perturbed rel 0.00e+00  gpu rel 1.20e-16
rate 0.01 epoch  550 cpu 1.118107944052e-01  ulp-perturbed rel 0.00e+00  gpu rel 2.48e-16
rate 0.01 epoch  600 cpu 9.775454967640e-02  ulp-perturbed rel 0.00e+00  gpu rel 5.68e-16
rate 0.01 epoch  650 cpu 3.586148321410e-02  ulp-perturbed rel 1.93e-16  gpu rel 5.61e-15
rate 0.01 epoch  700 cpu 1.242922463879e-02  ulp-perturbed rel 6.98e-16  gpu rel 0.00e+00
rate 0.01 epoch  750 cpu 3.326567611128e-01  ulp-perturbed rel 8.36e-02  gpu rel 5.90e-02
rate 0.01 epoch  800 cpu 1.164978850912e-02  ulp-perturbed rel 6.30e-03  gpu rel 7.92e-03
rate 0.01 epoch  850 cpu 1.226765758958e-02  ulp-perturbed rel 2.49e-03  gpu rel 5.70e-03
rate 0.01 epoch  900 cpu 1.907033088853e-02  ulp-perturbed rel 2.32e-02  gpu rel 3.63e-02
rate 0.01 epoch  950 cpu 1.881696521298e-02  ulp-perturbed rel 4.93e-03  gpu rel 9.51e-03
rate 0.01 epoch 1000 cpu 1.504920590698e-02  ulp-perturbed rel 5.50e-03  gpu rel 8.75e-03
