# M1 RED: tests/input_map_test.cpp compiled against the headers of 5dc6819 (MSVC 19.50, /std:c++20).
# 1) Without kan/input_map.hpp:
input_map_test.cpp
tests\input_map_test.cpp(5): fatal error C1083: Cannot open include file: 'kan/input_map.hpp': No such file or directory
# 2) With an empty stub kan/input_map.hpp (106 errors, first 40 shown):
input_map_test.cpp
tests\support/network.hpp(13): error C2672: 'std::get': no matching overloaded function found
C:\Program Files\Microsoft Visual Studio\18\Professional\VC\Tools\MSVC\14.50.35717\include\tuple(969): note: could be 'const _Ty &&std::get(const std::tuple<_Types...> &&) noexcept'
tests\support/network.hpp(13): note: 'const _Ty &&std::get(const std::tuple<_Types...> &&) noexcept': could not deduce template argument for 'const std::tuple<_Types...> &&' from '_Ty'
        with
        [
            _Ty=const kan::Layer
        ]
C:\Program Files\Microsoft Visual Studio\18\Professional\VC\Tools\MSVC\14.50.35717\include\tuple(957): note: or       '_Ty &&std::get(std::tuple<_Types...> &&) noexcept'
tests\support/network.hpp(13): note: '_Ty &&std::get(std::tuple<_Types...> &&) noexcept': could not deduce template argument for 'std::tuple<_Types...> &&' from '_Ty'
        with
        [
            _Ty=const kan::Layer
        ]
C:\Program Files\Microsoft Visual Studio\18\Professional\VC\Tools\MSVC\14.50.35717\include\tuple(945): note: or       'const _Ty &std::get(const std::tuple<_Types...> &) noexcept'
tests\support/network.hpp(13): note: 'const _Ty &std::get(const std::tuple<_Types...> &) noexcept': could not deduce template argument for 'const std::tuple<_Types...> &' from '_Ty'
        with
        [
            _Ty=const kan::Layer
        ]
C:\Program Files\Microsoft Visual Studio\18\Professional\VC\Tools\MSVC\14.50.35717\include\tuple(933): note: or       '_Ty &std::get(std::tuple<_Types...> &) noexcept'
tests\support/network.hpp(13): note: '_Ty &std::get(std::tuple<_Types...> &) noexcept': could not deduce template argument for 'std::tuple<_Types...> &' from '_Ty'
        with
        [
            _Ty=const kan::Layer
        ]
C:\Program Files\Microsoft Visual Studio\18\Professional\VC\Tools\MSVC\14.50.35717\include\variant(1234): note: or       'decltype(auto) std::get(const std::variant<_Types...> &&)'
tests\support/network.hpp(13): note: 'decltype(auto) std::get(const std::variant<_Types...> &&)': could not deduce template argument for 'const std::variant<_Types...> &&' from '_Ty'
        with
        [
            _Ty=const kan::Layer
        ]
C:\Program Files\Microsoft Visual Studio\18\Professional\VC\Tools\MSVC\14.50.35717\include\variant(1223): note: or       'decltype(auto) std::get(const std::variant<_Types...> &)'
tests\support/network.hpp(13): note: 'decltype(auto) std::get(const std::variant<_Types...> &)': could not deduce template argument for 'const std::variant<_Types...> &' from '_Ty'
        with
        [
            _Ty=const kan::Layer
        ]
C:\Program Files\Microsoft Visual Studio\18\Professional\VC\Tools\MSVC\14.50.35717\include\variant(1212): note: or       'decltype(auto) std::get(std::variant<_Types...> &&)'
tests\support/network.hpp(13): note: 'decltype(auto) std::get(std::variant<_Types...> &&)': could not deduce template argument for 'std::variant<_Types...> &&' from '_Ty'
        with
